2025-09-13 17:40:00 | INFO | repo=pv243-2015-infinispan-seminar | action=edit | files=2
2025-09-20 20:54:00 | INFO | repo=pv243-2015-infinispan-seminar | action=commit
2025-06-10 09:21:00 | DEBUG | repo=pv243-2015-infinispan-seminar | action=test | passed=true
2025-11-11 14:11:00 | INFO | repo=pv243-2015-infinispan-seminar | action=commit
2025-10-09 16:42:00 | INFO | repo=pv243-2015-infinispan-seminar | action=pull
2025-07-11 07:45:00 | DEBUG | repo=pv243-2015-infinispan-seminar | action=commit
2025-12-06 11:20:00 | INFO | repo=pv243-2015-infinispan-seminar | action=pull
2025-04-04 18:39:00 | INFO | repo=pv243-2015-infinispan-seminar | action=pull
2025-10-21 09:22:00 | INFO | repo=pv243-2015-infinispan-seminar | action=commit
2025-08-18 07:38:00 | DEBUG | repo=pv243-2015-infinispan-seminar | action=commit
2025-11-05 19:38:00 | INFO | repo=pv243-2015-infinispan-seminar | action=commit
2025-05-13 18:47:00 | DEBUG | repo=pv243-2015-infinispan-seminar | action=edit | files=1
2025-09-22 08:00:00 | WARN | repo=pv243-2015-infinispan-seminar | action=commit
2025-07-22 21:40:00 | DEBUG | repo=pv243-2015-infinispan-seminar | action=commit
2025-09-27 16:30:00 | DEBUG | repo=pv243-2015-infinispan-seminar | action=pull
2025-07-26 21:47:00 | INFO | repo=pv243-2015-infinispan-seminar | action=pull
2025-09-25 12:54:00 | INFO | repo=pv243-2015-infinispan-seminar | action=edit | files=4
2025-12-05 21:02:00 | DEBUG | repo=pv243-2015-infinispan-seminar | action=edit | files=3
2025-10-20 19:33:00 | WARN | repo=pv243-2015-infinispan-seminar | action=pull
2025-07-16 18:13:00 | WARN | repo=pv243-2015-infinispan-seminar | action=commit
2025-11-05 20:00:00 | WARN | repo=pv243-2015-infinispan-seminar | action=test | passed=true
2025-10-09 20:28:00 | INFO | repo=pv243-2015-infinispan-seminar | action=commit
2025-05-08 19:56:00 | INFO | repo=pv243-2015-infinispan-seminar | action=edit | files=3
2025-11-01 07:52:00 | WARN | repo=pv243-2015-infinispan-seminar | action=edit | files=3
2025-11-21 12:30:00 | DEBUG | repo=pv243-2015-infinispan-seminar | action=edit | files=1
2025-03-14 11:28:00 | WARN | repo=pv243-2015-infinispan-seminar | action=test | passed=true
2025-05-03 08:50:00 | INFO | repo=pv243-2015-infinispan-seminar | action=test | passed=true
2025-01-01 18:58:00 | DEBUG | repo=pv243-2015-infinispan-seminar | action=test | passed=true
2025-07-09 08:02:00 | INFO | repo=pv243-2015-infinispan-seminar | action=edit | files=3
2025-04-28 07:35:00 | DEBUG | repo=pv243-2015-infinispan-seminar | action=test | passed=true
2025-04-23 16:12:00 | DEBUG | repo=pv243-2015-infinispan-seminar | action=pull
2025-03-06 12:01:00 | WARN | repo=pv243-2015-infinispan-seminar | action=test | passed=true
2025-02-25 07:31:00 | DEBUG | repo=pv243-2015-infinispan-seminar | action=commit
2025-07-17 21:46:00 | DEBUG | repo=pv243-2015-infinispan-seminar | action=commit
2025-10-24 07:41:00 | WARN | repo=pv243-2015-infinispan-seminar | action=test | passed=true
2025-04-04 09:24:00 | INFO | repo=pv243-2015-infinispan-seminar | action=commit
2025-06-11 16:00:00 | DEBUG | repo=pv243-2015-infinispan-seminar | action=commit
2025-01-20 10:12:00 | INFO | repo=pv243-2015-infinispan-seminar | action=commit
2025-05-26 07:22:00 | INFO | repo=pv243-2015-infinispan-seminar | action=test | passed=true
2025-10-06 08:31:00 | WARN | repo=pv243-2015-infinispan-seminar | action=commit
2025-05-20 15:48:00 | DEBUG | repo=pv243-2015-infinispan-seminar | action=test | passed=true
2025-02-13 09:18:00 | DEBUG | repo=pv243-2015-infinispan-seminar | action=edit | files=1
2025-01-25 20:30:00 | DEBUG | repo=pv243-2015-infinispan-seminar | action=edit | files=1
2025-01-21 09:01:00 | DEBUG | repo=pv243-2015-infinispan-seminar | action=commit
2025-08-20 12:19:00 | WARN | repo=pv243-2015-infinispan-seminar | action=commit
2025-10-08 18:10:00 | DEBUG | repo=pv243-2015-infinispan-seminar | action=pull
2025-08-18 18:17:00 | INFO | repo=pv243-2015-infinispan-seminar | action=commit
2025-05-18 17:51:00 | DEBUG | repo=pv243-2015-infinispan-seminar | action=commit
2025-06-17 16:58:00 | INFO | repo=pv243-2015-infinispan-seminar | action=commit
2025-03-09 14:01:00 | DEBUG | repo=pv243-2015-infinispan-seminar | action=commit
2025-07-19 10:58:00 | WARN | repo=pv243-2015-infinispan-seminar | action=commit
2025-09-06 10:49:00 | WARN | repo=pv243-2015-infinispan-seminar | action=pull
2025-01-02 16:25:00 | DEBUG | repo=pv243-2015-infinispan-seminar | action=test | passed=true
2025-03-26 08:35:00 | DEBUG | repo=pv243-2015-infinispan-seminar | action=pull
2025-06-09 11:33:00 | INFO | repo=pv243-2015-infinispan-seminar | action=edit | files=5
2025-09-25 15:52:00 | WARN | repo=pv243-2015-infinispan-seminar | action=edit | files=3
2025-08-11 08:54:00 | DEBUG | repo=pv243-2015-infinispan-seminar | action=pull
2025-09-08 20:45:00 | INFO | repo=pv243-2015-infinispan-seminar | action=commit
